// Jest Snapshot v1, https://goo.gl/fbAQLP

exports[`BlockLayout should render BlockLayout 1`] = `<div><span>demo</span></div>`;
